// Jest Snapshot v1, https://goo.gl/fbAQLP

exports[`wordListPicker reducer should return the initial state 1`] = `"{\\"items\\":[]}"`;
